// Jest Snapshot v1, https://goo.gl/fbAQLP

exports[`should render the remove modal form correctly 1`] = `
<Modal
  ariaHideApp={true}
  bodyOpenClassName="ReactModal__Body--open"
  closeTimeoutMS={0}
  contentLabel="Remove Expense"
  isOpen={false}
  parentSelector={[Function]}
  portalClassName="ReactModalPortal"
  shouldCloseOnOverlayClick={true}
>
  <h3>
    Remove this expense?
  </h3>
  <button>
    Remove
  </button>
  <button>
    Cancel
  </button>
</Modal>
`;
